cl : 命令列 warning D9035: 選項 'Gm' 已被取代，在未來的發行版本中將會移除
  gamecore.cpp
  mygame_run.cpp
c:\users\asus\desktop\wokspace\fireboy__watergirl_foresttemple\main_game\source\game\mygame_run.cpp(1728): error C2084: 函式 'void game_framework::CGameStateRun::LoadLevel10(void)' 的主體已經被宣告了
  c:\users\asus\desktop\wokspace\fireboy__watergirl_foresttemple\main_game\source\game\mygame_run.cpp(801): note: 請參閱 'LoadLevel10' 之前的定義
c:\users\asus\desktop\wokspace\fireboy__watergirl_foresttemple\main_game\source\game\mygame_run.cpp(1792): error C2084: 函式 'void game_framework::CGameStateRun::Level10OnMove(void)' 的主體已經被宣告了
  c:\users\asus\desktop\wokspace\fireboy__watergirl_foresttemple\main_game\source\game\mygame_run.cpp(876): note: 請參閱 'Level10OnMove' 之前的定義
c:\users\asus\desktop\wokspace\fireboy__watergirl_foresttemple\main_game\source\game\mygame_run.cpp(1843): error C2084: 函式 'void game_framework::CGameStateRun::Level10OnShow(void)' 的主體已經被宣告了
  c:\users\asus\desktop\wokspace\fireboy__watergirl_foresttemple\main_game\source\game\mygame_run.cpp(924): note: 請參閱 'Level10OnShow' 之前的定義
c:\users\asus\desktop\wokspace\fireboy__watergirl_foresttemple\main_game\source\game\mygame_run.cpp(1898): error C2084: 函式 'void game_framework::CGameStateRun::ResetL10(void)' 的主體已經被宣告了
  c:\users\asus\desktop\wokspace\fireboy__watergirl_foresttemple\main_game\source\game\mygame_run.cpp(960): note: 請參閱 'ResetL10' 之前的定義
  mygame_over.cpp
  mygame_initialize.cpp
  button.cpp
  gameView.cpp
  game.cpp
  正在產生程式碼...
  正在編譯...
  water.cpp
  timer.cpp
  switch.cpp
  selectpagediamond.cpp
  rock.cpp
  platform.cpp
  person.cpp
  door.cpp
  diamond.cpp
  正在產生程式碼...
